Frames\Main$6.class
Frames\MonsterScreen$5.class
Frames\DiceRollerScreen$5.class
Frames\NotesScreen$8.class
Frames\CombatScreen$1.class
Frames\MonsterScreen.class
Frames\DiceRollerScreen$2.class
Frames\Main$3.class
Frames\NotesScreen$10.class
Frames\Main$10.class
Frames\MonsterScreen$2.class
Frames\SpellsScreen$4.class
Frames\CombatScreen$11.class
Frames\CombatScreen$9.class
Frames\NPCGenerator.class
Frames\Main$15.class
Frames\NPCScreen.class
Frames\CombatScreen$14.class
Frames\MonsterScreen$12.class
Frames\Main$12.class
Frames\Extendable.class
Frames\MonsterScreen$10.class
Frames\NotesScreen$6.class
Frames\CombatScreen$6.class
Frames\NPCScreen$4.class
Frames\MonsterScreen$7.class
Frames\CombatScreen.class
Frames\Monster.class
Frames\Main$5.class
Frames\Main$11.class
Frames\MonsterScreen$8.class
Frames\CombatScreen$7.class
Frames\MonsterScreen$1.class
Frames\SpellsScreen$5.class
Frames\DiceRollerScreen$1.class
Frames\NotesScreen$5.class
Frames\CombatScreen$12.class
Frames\NPCScreen$5.class
Frames\Main$14.class
Frames\CombatScreen$10.class
Frames\CombatScreen$5.class
Frames\NPCScreen$3.class
Frames\CombatScreen$13.class
Frames\NotesScreen$4.class
Frames\CombatScreen$8.class
Frames\MonsterScreen$11.class
Frames\NotesScreen$1.class
Frames\NPCScreen$6.class
Frames\CombatScreen$2.class
Frames\MonsterScreen$9.class
Frames\NotesScreen$7.class
Frames\NotesScreen.class
Frames\DiceRollerScreen.class
Frames\MonsterScreen$3.class
Frames\SpellsScreen$3.class
Frames\Main$4.class
Frames\DiceRollerScreen$6.class
Frames\MonsterScreen$6.class
Frames\NotesScreen$11.class
Frames\Main$7.class
Frames\CombatScreen$3.class
Frames\NPCScreen$1.class
Frames\CombatScreen$15.class
Frames\SpellsScreen$2.class
Frames\Main$1.class
Frames\DiceRollerScreen$3.class
Frames\NotesScreen$3.class
Frames\NotesScreen$9.class
Frames\Main$8.class
Frames\Main$13.class
Frames\SpellsScreen.class
Frames\CombatScreen$16.class
Frames\Main.class
Frames\SpellsScreen$1.class
Frames\CombatScreen$4.class
Frames\DiceRollerScreen$4.class
Frames\MonsterScreen$4.class
Frames\Main$9.class
Frames\MonsterScreen$13.class
Frames\Main$2.class
Frames\NotesScreen$2.class
Frames\NPCScreen$2.class
